// Vitest Snapshot v1

exports[`Dialog > snapeShot 1`] = `
"<!--teleport start-->
<transition-stub>
  <div class=\\"el-overlay\\" style=\\"z-index: 2001; display: none;\\">
    <div role=\\"dialog\\" aria-modal=\\"true\\" aria-label=\\"编辑表单\\" aria-describedby=\\"el-id-1411-0\\" class=\\"el-overlay-dialog\\"></div>
  </div>
</transition-stub>
<!--teleport end-->"
`;
